error[E0599]: the method `execute` exists for struct `IncompleteDoUpdate<InsertStatement<users::table, ValuesClause<(DefaultableColumnInsertValue<ColumnInsertValue<users::columns::name, diesel::expression::bound::Bound<diesel::sql_types::Text, &&str>>>,), users::table>>, diesel::query_builder::upsert::on_conflict_target::ConflictTarget<users::columns::id>>`, but its trait bounds were not satisfied
   --> $DIR/pg_upsert_do_update_requires_valid_update.rs:37:10
    |
37  |         .execute(&mut connection);
    |          ^^^^^^^ method cannot be called on `IncompleteDoUpdate<InsertStatement<users::table, ValuesClause<(DefaultableColumnInsertValue<ColumnInsertValue<users::columns::name, diesel::expression::bound::Bound<diesel::sql_types::Text, &&str>>>,), users::table>>, diesel::query_builder::upsert::on_conflict_target::ConflictTarget<users::columns::id>>` due to unsatisfied trait bounds
    |
   ::: $DIESEL/src/upsert/on_conflict_extension.rs
    |
    | pub struct IncompleteDoUpdate<Stmt, Target> {
    | -------------------------------------------
    | |
    | doesn't satisfy `_: Table`
    | doesn't satisfy `_: diesel::RunQueryDsl<_>`
    |
    = note: the following trait bounds were not satisfied:
            `IncompleteDoUpdate<InsertStatement<users::table, ValuesClause<(DefaultableColumnInsertValue<ColumnInsertValue<users::columns::name, diesel::expression::bound::Bound<diesel::sql_types::Text, &&str>>>,), users::table>>, diesel::query_builder::upsert::on_conflict_target::ConflictTarget<users::columns::id>>: Table`
            which is required by `IncompleteDoUpdate<InsertStatement<users::table, ValuesClause<(DefaultableColumnInsertValue<ColumnInsertValue<users::columns::name, diesel::expression::bound::Bound<diesel::sql_types::Text, &&str>>>,), users::table>>, diesel::query_builder::upsert::on_conflict_target::ConflictTarget<users::columns::id>>: diesel::RunQueryDsl<_>`
            `&IncompleteDoUpdate<InsertStatement<users::table, ValuesClause<(DefaultableColumnInsertValue<ColumnInsertValue<users::columns::name, diesel::expression::bound::Bound<diesel::sql_types::Text, &&str>>>,), users::table>>, diesel::query_builder::upsert::on_conflict_target::ConflictTarget<users::columns::id>>: Table`
            which is required by `&IncompleteDoUpdate<InsertStatement<users::table, ValuesClause<(DefaultableColumnInsertValue<ColumnInsertValue<users::columns::name, diesel::expression::bound::Bound<diesel::sql_types::Text, &&str>>>,), users::table>>, diesel::query_builder::upsert::on_conflict_target::ConflictTarget<users::columns::id>>: diesel::RunQueryDsl<_>`
            `&mut IncompleteDoUpdate<InsertStatement<users::table, ValuesClause<(DefaultableColumnInsertValue<ColumnInsertValue<users::columns::name, diesel::expression::bound::Bound<diesel::sql_types::Text, &&str>>>,), users::table>>, diesel::query_builder::upsert::on_conflict_target::ConflictTarget<users::columns::id>>: Table`
            which is required by `&mut IncompleteDoUpdate<InsertStatement<users::table, ValuesClause<(DefaultableColumnInsertValue<ColumnInsertValue<users::columns::name, diesel::expression::bound::Bound<diesel::sql_types::Text, &&str>>>,), users::table>>, diesel::query_builder::upsert::on_conflict_target::ConflictTarget<users::columns::id>>: diesel::RunQueryDsl<_>`

error[E0271]: type mismatch resolving `<Grouped<diesel::expression::operators::Eq<posts::columns::title, diesel::expression::bound::Bound<diesel::sql_types::Text, &str>>> as AsChangeset>::Target == users::table`
  --> $DIR/pg_upsert_do_update_requires_valid_update.rs:44:10
   |
44 |         .set(posts::title.eq("Sean"));
   |          ^^^ expected struct `posts::table`, found struct `users::table`

error[E0277]: the trait bound `users::table: AppearsInFromClause<posts::table>` is not satisfied
  --> $DIR/pg_upsert_do_update_requires_valid_update.rs:52:10
   |
52 |         .set(name.eq(posts::title));
   |          ^^^ the trait `AppearsInFromClause<posts::table>` is not implemented for `users::table`
   |
   = help: the following implementations were found:
             <users::table as AppearsInFromClause<users::table>>
   = note: required because of the requirements on the impl of `AppearsOnTable<users::table>` for `posts::columns::title`
   = note: required because of the requirements on the impl of `AsChangeset` for `diesel::expression::operators::Eq<users::columns::name, posts::columns::title>`

error[E0271]: type mismatch resolving `<posts::columns::title as Column>::Table == users::table`
  --> $DIR/pg_upsert_do_update_requires_valid_update.rs:59:10
   |
59 |         .set(name.eq(excluded(posts::title)));
   |          ^^^ expected struct `posts::table`, found struct `users::table`
   |
   = note: required because of the requirements on the impl of `AsChangeset` for `diesel::expression::operators::Eq<users::columns::name, diesel::query_builder::upsert::on_conflict_actions::Excluded<posts::columns::title>>`

error[E0271]: type mismatch resolving `<diesel::query_builder::upsert::on_conflict_actions::Excluded<users::columns::id> as diesel::Expression>::SqlType == diesel::sql_types::Text`
  --> $DIR/pg_upsert_do_update_requires_valid_update.rs:66:19
   |
66 |         .set(name.eq(excluded(id)));
   |                   ^^ expected struct `diesel::sql_types::Integer`, found struct `diesel::sql_types::Text`
   |
   = note: required because of the requirements on the impl of `AsExpression<diesel::sql_types::Text>` for `diesel::query_builder::upsert::on_conflict_actions::Excluded<users::columns::id>`
