error: unexpected end of input, expected `=`
       help: The correct format looks like `#[diesel(column_name = foo)]`
  --> tests/fail/derive/bad_column_name.rs:16:25
   |
16 |     #[diesel(column_name)]
   |                         ^

error: expected `=`
  --> tests/fail/derive/bad_column_name.rs:23:25
   |
23 |     #[diesel(column_name(another))]
   |                         ^

error: expected string literal
  --> tests/fail/derive/bad_column_name.rs:30:28
   |
30 |     #[diesel(column_name = true)]
   |                            ^^^^

error: Expected valid identifier, found `type`. Diesel automatically renames invalid identifiers, perhaps you meant to write `type_`?
  --> tests/fail/derive/bad_column_name.rs:38:28
   |
38 |     #[diesel(column_name = "type")]
   |                            ^^^^^^

error: Expected valid identifier, found `type`. Diesel automatically renames invalid identifiers, perhaps you meant to write `type_`?
  --> tests/fail/derive/bad_column_name.rs:46:28
   |
46 |     #[diesel(column_name = "type")]
   |                            ^^^^^^
