<!DOCTYPE html><html lang="en"><head><meta charset="utf-8"><meta name="viewport" content="width=device-width, initial-scale=1.0"><meta name="generator" content="rustdoc"><meta name="description" content="`Expected` represents an explanation of what data a `Visitor` was expecting to receive."><title>Expected in serde_core::de - Rust</title><script>if(window.location.protocol!=="file:")document.head.insertAdjacentHTML("beforeend","SourceSerif4-Regular-6b053e98.ttf.woff2,FiraSans-Italic-81dc35de.woff2,FiraSans-Regular-0fe48ade.woff2,FiraSans-MediumItalic-ccf7e434.woff2,FiraSans-Medium-e1aa3f0a.woff2,SourceCodePro-Regular-8badfe75.ttf.woff2,SourceCodePro-Semibold-aa29a496.ttf.woff2".split(",").map(f=>`<link rel="preload" as="font" type="font/woff2"href="../../static.files/${f}">`).join(""))</script><link rel="stylesheet" href="../../static.files/normalize-9960930a.css"><link rel="stylesheet" href="../../static.files/rustdoc-ca0dd0c4.css"><meta name="rustdoc-vars" data-root-path="../../" data-static-root-path="../../static.files/" data-current-crate="serde_core" data-themes="" data-resource-suffix="" data-rustdoc-version="1.92.0-nightly (6501e64fc 2025-10-23)" data-channel="nightly" data-search-js="search-d69d8955.js" data-stringdex-js="stringdex-c3e638e9.js" data-settings-js="settings-c38705f0.js" ><script src="../../static.files/storage-e2aeef58.js"></script><script defer src="sidebar-items.js"></script><script defer src="../../static.files/main-ce535bd0.js"></script><noscript><link rel="stylesheet" href="../../static.files/noscript-263c88ec.css"></noscript><link rel="alternate icon" type="image/png" href="../../static.files/favicon-32x32-eab170b8.png"><link rel="icon" type="image/svg+xml" href="../../static.files/favicon-044be391.svg"></head><body class="rustdoc trait"><!--[if lte IE 11]><div class="warning">This old browser is unsupported and will most likely display funky things.</div><![endif]--><rustdoc-topbar><h2><a href="#">Expected</a></h2></rustdoc-topbar><nav class="sidebar"><div class="sidebar-crate"><h2><a href="../../serde_core/index.html">serde_<wbr>core</a><span class="version">1.0.228</span></h2></div><div class="sidebar-elems"><section id="rustdoc-toc"><h2 class="location"><a href="#">Expected</a></h2><h3><a href="#required-methods">Required Methods</a></h3><ul class="block"><li><a href="#tymethod.fmt" title="fmt">fmt</a></li></ul><h3><a href="#foreign-impls">Implementations on Foreign Types</a></h3><ul class="block"><li><a href="#impl-Expected-for-%26str" title="&#38;str">&#38;str</a></li></ul><h3><a href="#trait-implementations">Trait Implementations</a></h3><ul class="block trait-implementation"><li><a href="#impl-Display-for-dyn+Expected" title="Display">Display</a></li></ul><h3><a href="#implementors">Implementors</a></h3></section><div id="rustdoc-modnav"><h2><a href="index.html">In serde_<wbr>core::<wbr>de</a></h2></div></div></nav><div class="sidebar-resizer" title="Drag to resize sidebar"></div><main><div class="width-limiter"><section id="main-content" class="content"><div class="main-heading"><div class="rustdoc-breadcrumbs"><a href="../index.html">serde_core</a>::<wbr><a href="index.html">de</a></div><h1>Trait <span class="trait">Expected</span>&nbsp;<button id="copy-path" title="Copy item path to clipboard">Copy item path</button></h1><rustdoc-toolbar></rustdoc-toolbar><span class="sub-heading"><a class="src" href="../../src/serde_core/de/mod.rs.html#484-488">Source</a> </span></div><pre class="rust item-decl"><code>pub trait Expected {
    // Required method
    fn <a href="#tymethod.fmt" class="fn">fmt</a>(&amp;self, formatter: &amp;mut <a class="struct" href="https://doc.rust-lang.org/nightly/core/fmt/struct.Formatter.html" title="struct core::fmt::Formatter">Formatter</a>&lt;'_&gt;) -&gt; <a class="type" href="https://doc.rust-lang.org/nightly/core/fmt/type.Result.html" title="type core::fmt::Result">Result</a>;
}</code></pre><details class="toggle top-doc" open><summary class="hideme"><span>Expand description</span></summary><div class="docblock"><p><code>Expected</code> represents an explanation of what data a <code>Visitor</code> was expecting
to receive.</p>
<p>This is used as an argument to the <code>invalid_type</code>, <code>invalid_value</code>, and
<code>invalid_length</code> methods of the <code>Error</code> trait to build error messages. The
message should be a noun or noun phrase that completes the sentence “This
Visitor expects to receive …”, for example the message could be “an
integer between 0 and 64”. The message should not be capitalized and should
not end with a period.</p>
<p>Within the context of a <code>Visitor</code> implementation, the <code>Visitor</code> itself
(<code>&amp;self</code>) is an implementation of this trait.</p>

<div class="example-wrap edition"><a href="#" class="tooltip" title="This example runs with edition 2021">ⓘ</a><pre class="rust rust-example-rendered"><code><span class="kw">fn </span>visit_bool&lt;E&gt;(<span class="self">self</span>, v: bool) -&gt; <span class="prelude-ty">Result</span>&lt;<span class="self">Self</span>::Value, E&gt;
<span class="kw">where
    </span>E: de::Error,
{
    <span class="prelude-val">Err</span>(de::Error::invalid_type(Unexpected::Bool(v), <span class="kw-2">&amp;</span><span class="self">self</span>))
}</code></pre></div>
<p>Outside of a <code>Visitor</code>, <code>&amp;"..."</code> can be used.</p>

<div class="example-wrap edition"><a href="#" class="tooltip" title="This example runs with edition 2021">ⓘ</a><pre class="rust rust-example-rendered"><code><span class="kw">return </span><span class="prelude-val">Err</span>(de::Error::invalid_type(
    Unexpected::Bool(v),
    <span class="kw-2">&amp;</span><span class="string">"a negative integer"</span>,
));</code></pre></div></div></details><h2 id="required-methods" class="section-header">Required Methods<a href="#required-methods" class="anchor">§</a></h2><div class="methods"><details class="toggle method-toggle" open><summary><section id="tymethod.fmt" class="method"><a class="src rightside" href="../../src/serde_core/de/mod.rs.html#487">Source</a><h4 class="code-header">fn <a href="#tymethod.fmt" class="fn">fmt</a>(&amp;self, formatter: &amp;mut <a class="struct" href="https://doc.rust-lang.org/nightly/core/fmt/struct.Formatter.html" title="struct core::fmt::Formatter">Formatter</a>&lt;'_&gt;) -&gt; <a class="type" href="https://doc.rust-lang.org/nightly/core/fmt/type.Result.html" title="type core::fmt::Result">Result</a></h4></section></summary><div class="docblock"><p>Format an explanation of what data was being expected. Same signature as
the <code>Display</code> and <code>Debug</code> traits.</p>
</div></details></div><h2 id="trait-implementations" class="section-header">Trait Implementations<a href="#trait-implementations" class="anchor">§</a></h2><div id="trait-implementations-list"><details class="toggle implementors-toggle" open><summary><section id="impl-Display-for-dyn+Expected" class="impl"><a class="src rightside" href="../../src/serde_core/de/mod.rs.html#505-509">Source</a><a href="#impl-Display-for-dyn+Expected" class="anchor">§</a><h3 class="code-header">impl <a class="trait" href="https://doc.rust-lang.org/nightly/core/fmt/trait.Display.html" title="trait core::fmt::Display">Display</a> for dyn <a class="trait" href="trait.Expected.html" title="trait serde_core::de::Expected">Expected</a> + '_</h3></section></summary><div class="impl-items"><details class="toggle method-toggle" open><summary><section id="method.fmt" class="method trait-impl"><a class="src rightside" href="../../src/serde_core/de/mod.rs.html#506-508">Source</a><a href="#method.fmt" class="anchor">§</a><h4 class="code-header">fn <a href="https://doc.rust-lang.org/nightly/core/fmt/trait.Display.html#tymethod.fmt" class="fn">fmt</a>(&amp;self, formatter: &amp;mut <a class="struct" href="https://doc.rust-lang.org/nightly/core/fmt/struct.Formatter.html" title="struct core::fmt::Formatter">Formatter</a>&lt;'_&gt;) -&gt; <a class="type" href="https://doc.rust-lang.org/nightly/core/fmt/type.Result.html" title="type core::fmt::Result">Result</a></h4></section></summary><div class='docblock'>Formats the value using the given formatter. <a href="https://doc.rust-lang.org/nightly/core/fmt/trait.Display.html#tymethod.fmt">Read more</a></div></details></div></details></div><h2 id="foreign-impls" class="section-header">Implementations on Foreign Types<a href="#foreign-impls" class="anchor">§</a></h2><details class="toggle implementors-toggle"><summary><section id="impl-Expected-for-%26str" class="impl"><a class="src rightside" href="../../src/serde_core/de/mod.rs.html#499-503">Source</a><a href="#impl-Expected-for-%26str" class="anchor">§</a><h3 class="code-header">impl <a class="trait" href="trait.Expected.html" title="trait serde_core::de::Expected">Expected</a> for &amp;<a class="primitive" href="https://doc.rust-lang.org/nightly/std/primitive.str.html">str</a></h3></section></summary><div class="impl-items"><section id="method.fmt-1" class="method trait-impl"><a class="src rightside" href="../../src/serde_core/de/mod.rs.html#500-502">Source</a><a href="#method.fmt-1" class="anchor">§</a><h4 class="code-header">fn <a href="#tymethod.fmt" class="fn">fmt</a>(&amp;self, formatter: &amp;mut <a class="struct" href="https://doc.rust-lang.org/nightly/core/fmt/struct.Formatter.html" title="struct core::fmt::Formatter">Formatter</a>&lt;'_&gt;) -&gt; <a class="type" href="https://doc.rust-lang.org/nightly/core/fmt/type.Result.html" title="type core::fmt::Result">Result</a></h4></section></div></details><h2 id="implementors" class="section-header">Implementors<a href="#implementors" class="anchor">§</a></h2><div id="implementors-list"><section id="impl-Expected-for-T" class="impl"><a class="src rightside" href="../../src/serde_core/de/mod.rs.html#490-497">Source</a><a href="#impl-Expected-for-T" class="anchor">§</a><h3 class="code-header">impl&lt;'de, T&gt; <a class="trait" href="trait.Expected.html" title="trait serde_core::de::Expected">Expected</a> for T<div class="where">where
    T: <a class="trait" href="trait.Visitor.html" title="trait serde_core::de::Visitor">Visitor</a>&lt;'de&gt;,</div></h3></section></div><script src="../../trait.impl/serde_core/de/trait.Expected.js" data-ignore-extern-crates="std" async></script></section></div></main></body></html>