<!DOCTYPE html><html lang="en"><head><meta charset="utf-8"><meta name="viewport" content="width=device-width, initial-scale=1.0"><meta name="generator" content="rustdoc"><meta name="description" content="`Expected` represents an explanation of what data a `Visitor` was expecting to receive."><meta name="keywords" content="rust, rustlang, rust-lang, Expected"><title>Expected in serde::de - Rust</title><link rel="stylesheet" type="text/css" href="../../normalize.css"><link rel="stylesheet" type="text/css" href="../../rustdoc.css" id="mainThemeStyle"><link rel="stylesheet" type="text/css" href="../../light.css"  id="themeStyle"><link rel="stylesheet" type="text/css" href="../../dark.css" disabled ><link rel="stylesheet" type="text/css" href="../../ayu.css" disabled ><script id="default-settings" ></script><script src="../../storage.js"></script><script src="../../crates.js"></script><noscript><link rel="stylesheet" href="../../noscript.css"></noscript><link rel="icon" type="image/svg+xml" href="../../favicon.svg"><link rel="alternate icon" type="image/png" href="../../favicon-16x16.png"><link rel="alternate icon" type="image/png" href="../../favicon-32x32.png"><style type="text/css">#crate-search{background-image:url("../../down-arrow.svg");}</style></head><body class="rustdoc trait"><!--[if lte IE 11]><div class="warning">This old browser is unsupported and will most likely display funky things.</div><![endif]--><nav class="sidebar"><div class="sidebar-menu" role="button">&#9776;</div><a href='../../serde/index.html'><div class='logo-container rust-logo'><img src='../../rust-logo.png' alt='logo'></div></a><h2 class="location">Trait Expected</h2><div class="sidebar-elems"><div class="block items"><h3 class="sidebar-title"><a href="#required-methods">Required Methods</a></h3><div class="sidebar-links"><a href="#tymethod.fmt">fmt</a></div><h3 class="sidebar-title"><a href="#foreign-impls">Implementations on Foreign Types</a></h3><div class="sidebar-links"><a href="#impl-Expected-for-%26%27a%20str">&amp;&#39;a str</a></div><h3 class="sidebar-title"><a href="#trait-implementations">Trait Implementations</a></h3><div class="sidebar-links"><a href="#impl-Display">Display</a></div><h3 class="sidebar-title"><a href="#implementors">Implementors</a></h3></div><h2 class="location">Other items in<br><a href="../index.html">serde</a>::<wbr><a href="index.html">de</a></h2><div id="sidebar-vars" data-name="Expected" data-ty="trait" data-relpath=""></div><script defer src="sidebar-items.js"></script></div></nav><div class="theme-picker"><button id="theme-picker" aria-label="Pick another theme!" aria-haspopup="menu" title="themes"><img width="18" height="18" alt="Pick another theme!" src="../../brush.svg"></button><div id="theme-choices" role="menu"></div></div><nav class="sub"><form class="search-form"><div class="search-container"><div><select id="crate-search"><option value="All crates">All crates</option></select><input class="search-input"name="search" disabled autocomplete="off" spellcheck="false" placeholder="Click or press ‘S’ to search, ‘?’ for more options…" type="search"></div><button type="button" id="help-button" title="help">?</button><a id="settings-menu" href="../../settings.html" title="settings"><img width="18" height="18" alt="Change settings" src="../../wheel.svg"></a></div></form></nav><section id="main" class="content"><h1 class="fqn"><span class="in-band">Trait <a href="../index.html">serde</a>::<wbr><a href="index.html">de</a>::<wbr><a class="trait" href="#">Expected</a><button id="copy-path" onclick="copy_path(this)" title="copy path"><img src="../../clipboard.svg" width="19" height="18" alt="Copy item import" title="Copy item import to clipboard"></button></span><span class="out-of-band"><span id="render-detail"><a id="toggle-all-docs" href="javascript:void(0)" title="collapse all docs">[<span class="inner">&#x2212;</span>]</a></span><a class="srclink" href="../../src/serde/de/mod.rs.html#469-473" title="goto source code">[src]</a></span></h1><div class="docblock type-decl"><pre class="rust trait">pub trait Expected {
    fn <a href="#tymethod.fmt" class="fnname">fmt</a>(&amp;self, formatter: &amp;mut <a class="struct" href="https://doc.rust-lang.org/1.55.0/core/fmt/struct.Formatter.html" title="struct core::fmt::Formatter">Formatter</a>&lt;'_&gt;) -&gt; <a class="type" href="https://doc.rust-lang.org/1.55.0/core/fmt/type.Result.html" title="type core::fmt::Result">Result</a>;
}</pre></div><details class="rustdoc-toggle top-doc" open><summary class="hideme"><span>Expand description</span></summary><div class="docblock"><p><code>Expected</code> represents an explanation of what data a <code>Visitor</code> was expecting
to receive.</p>
<p>This is used as an argument to the <code>invalid_type</code>, <code>invalid_value</code>, and
<code>invalid_length</code> methods of the <code>Error</code> trait to build error messages. The
message should be a noun or noun phrase that completes the sentence “This
Visitor expects to receive …”, for example the message could be “an
integer between 0 and 64”. The message should not be capitalized and should
not end with a period.</p>
<p>Within the context of a <code>Visitor</code> implementation, the <code>Visitor</code> itself
(<code>&amp;self</code>) is an implementation of this trait.</p>

<div class='information'><div class='tooltip edition' data-edition="2018">ⓘ</div></div><div class="example-wrap"><pre class="rust rust-example-rendered edition">
<span class="kw">fn</span> <span class="ident">visit_bool</span><span class="op">&lt;</span><span class="ident">E</span><span class="op">&gt;</span>(<span class="self">self</span>, <span class="ident">v</span>: <span class="ident">bool</span>) <span class="op">-</span><span class="op">&gt;</span> <span class="prelude-ty">Result</span><span class="op">&lt;</span><span class="self">Self</span><span class="ident">::Value</span>, <span class="ident">E</span><span class="op">&gt;</span>
<span class="kw">where</span>
    <span class="ident">E</span>: <span class="ident">de::Error</span>,
{
    <span class="prelude-val">Err</span>(<span class="ident">de::Error::invalid_type</span>(<span class="ident">Unexpected::Bool</span>(<span class="ident">v</span>), <span class="kw-2">&amp;</span><span class="self">self</span>))
}</pre></div>
<p>Outside of a <code>Visitor</code>, <code>&amp;&quot;...&quot;</code> can be used.</p>

<div class='information'><div class='tooltip edition' data-edition="2018">ⓘ</div></div><div class="example-wrap"><pre class="rust rust-example-rendered edition">
<span class="kw">return</span> <span class="prelude-val">Err</span>(<span class="ident">de::Error::invalid_type</span>(<span class="ident">Unexpected::Bool</span>(<span class="ident">v</span>), <span class="kw-2">&amp;</span><span class="string">&quot;a negative integer&quot;</span>));</pre></div>
</div></details><h2 id="required-methods" class="small-section-header">Required methods<a href="#required-methods" class="anchor"></a></h2><div class="methods"><details class="rustdoc-toggle" open><summary><div id="tymethod.fmt" class="method has-srclink"><div class="rightside"><a class="srclink" href="../../src/serde/de/mod.rs.html#472" title="goto source code">[src]</a></div><h4 class="code-header">fn <a href="#tymethod.fmt" class="fnname">fmt</a>(&amp;self, formatter: &amp;mut <a class="struct" href="https://doc.rust-lang.org/1.55.0/core/fmt/struct.Formatter.html" title="struct core::fmt::Formatter">Formatter</a>&lt;'_&gt;) -&gt; <a class="type" href="https://doc.rust-lang.org/1.55.0/core/fmt/type.Result.html" title="type core::fmt::Result">Result</a></h4></div></summary><div class="docblock"><p>Format an explanation of what data was being expected. Same signature as
the <code>Display</code> and <code>Debug</code> traits.</p>
</div></details></div><h2 id="trait-implementations" class="small-section-header">Trait Implementations<a href="#trait-implementations" class="anchor"></a></h2><div id="trait-implementations-list"><details class="rustdoc-toggle implementors-toggle" open><summary><div id="impl-Display" class="impl has-srclink"><div class="rightside"><a class="srclink" href="../../src/serde/de/mod.rs.html#490-494" title="goto source code">[src]</a></div><a href="#impl-Display" class="anchor"></a><h3 class="code-header in-band">impl&lt;'a&gt; <a class="trait" href="https://doc.rust-lang.org/1.55.0/core/fmt/trait.Display.html" title="trait core::fmt::Display">Display</a> for dyn <a class="trait" href="trait.Expected.html" title="trait serde::de::Expected">Expected</a> + 'a</h3></div></summary><div class="impl-items"><details class="rustdoc-toggle method-toggle" open><summary><div id="method.fmt" class="method trait-impl has-srclink"><div class="rightside"><a class="srclink" href="../../src/serde/de/mod.rs.html#491-493" title="goto source code">[src]</a></div><a href="#method.fmt" class="anchor"></a><h4 class="code-header">fn <a href="https://doc.rust-lang.org/1.55.0/core/fmt/trait.Display.html#tymethod.fmt" class="fnname">fmt</a>(&amp;self, formatter: &amp;mut <a class="struct" href="https://doc.rust-lang.org/1.55.0/core/fmt/struct.Formatter.html" title="struct core::fmt::Formatter">Formatter</a>&lt;'_&gt;) -&gt; <a class="type" href="https://doc.rust-lang.org/1.55.0/core/fmt/type.Result.html" title="type core::fmt::Result">Result</a></h4></div></summary><div class='docblock'><p>Formats the value using the given formatter. <a href="https://doc.rust-lang.org/1.55.0/core/fmt/trait.Display.html#tymethod.fmt">Read more</a></p>
</div></details></div></details></div><h2 id="foreign-impls" class="small-section-header">Implementations on Foreign Types<a href="#foreign-impls" class="anchor"></a></h2><details class="rustdoc-toggle implementors-toggle"><summary><div id="impl-Expected-for-%26%27a%20str" class="impl has-srclink"><div class="rightside"><a class="srclink" href="../../src/serde/de/mod.rs.html#484-488" title="goto source code">[src]</a></div><a href="#impl-Expected-for-%26%27a%20str" class="anchor"></a><h3 class="code-header in-band">impl&lt;'a&gt; <a class="trait" href="trait.Expected.html" title="trait serde::de::Expected">Expected</a> for &amp;'a <a class="primitive" href="https://doc.rust-lang.org/1.55.0/std/primitive.str.html">str</a></h3></div></summary><div class="impl-items"><div id="method.fmt-1" class="method trait-impl has-srclink"><div class="rightside"><a class="srclink" href="../../src/serde/de/mod.rs.html#485-487" title="goto source code">[src]</a></div><a href="#method.fmt-1" class="anchor"></a><h4 class="code-header">fn <a href="#tymethod.fmt" class="fnname">fmt</a>(&amp;self, formatter: &amp;mut <a class="struct" href="https://doc.rust-lang.org/1.55.0/core/fmt/struct.Formatter.html" title="struct core::fmt::Formatter">Formatter</a>&lt;'_&gt;) -&gt; <a class="type" href="https://doc.rust-lang.org/1.55.0/core/fmt/type.Result.html" title="type core::fmt::Result">Result</a></h4></div></div></details><h2 id="implementors" class="small-section-header">Implementors<a href="#implementors" class="anchor"></a></h2><div class="item-list" id="implementors-list"><div id="impl-Expected" class="impl has-srclink"><div class="rightside"><a class="srclink" href="../../src/serde/de/mod.rs.html#475-482" title="goto source code">[src]</a></div><a href="#impl-Expected" class="anchor"></a><h3 class="code-header in-band">impl&lt;'de, T&gt; <a class="trait" href="trait.Expected.html" title="trait serde::de::Expected">Expected</a> for T <span class="where fmt-newline">where<br>&nbsp;&nbsp;&nbsp;&nbsp;T: <a class="trait" href="trait.Visitor.html" title="trait serde::de::Visitor">Visitor</a>&lt;'de&gt;,&nbsp;</span></h3></div></div><script type="text/javascript" src="../../implementors/serde/de/trait.Expected.js" async></script></section><section id="search" class="content hidden"></section><div id="rustdoc-vars" data-root-path="../../" data-current-crate="serde" data-search-index-js="../../search-index.js" data-search-js="../../search.js"></div>
    <script src="../../main.js"></script>
</body></html>